---
layout: post
title: JVM JOLSample
pid: 604
tags: [java]

---




```java
        <dependency>
            <groupId>org.openjdk.jol</groupId>
            <artifactId>jol-core</artifactId>
            <version>0.9</version>
        </dependency>

import org.openjdk.jol.info.ClassLayout;

public class JOLSample {
    public static void main(String[] args) {
        ClassLayout layout = ClassLayout.parseInstance(new Object());
        System.out.println(layout.toPrintable());

        System.out.println();
        ClassLayout layout1 = ClassLayout.parseInstance(new int[]{});
        System.out.println(layout1.toPrintable());

        System.out.println();
        ClassLayout layout2 = ClassLayout.parseInstance(new A());
        System.out.println(layout2.toPrintable());
    }

    public static class A {
        int id;
        String name;
        byte b;
        Object o;
    }

}


```




```java
java.lang.Object object internals:
 OFFSET  SIZE   TYPE DESCRIPTION                               VALUE
      0     4        (object header)                           01 00 00 00 (00000001 00000000 00000000 00000000) (1)
      4     4        (object header)                           00 00 00 00 (00000000 00000000 00000000 00000000) (0)
      8     4        (object header)                           e5 01 00 f8 (11100101 00000001 00000000 11111000) (-134217243)
     12     4        (loss due to the next object alignment)
Instance size: 16 bytes
Space losses: 0 bytes internal + 4 bytes external = 4 bytes total


[I object internals:
 OFFSET  SIZE   TYPE DESCRIPTION                               VALUE
      0     4        (object header)                           01 00 00 00 (00000001 00000000 00000000 00000000) (1)
      4     4        (object header)                           00 00 00 00 (00000000 00000000 00000000 00000000) (0)
      8     4        (object header)                           6d 01 00 f8 (01101101 00000001 00000000 11111000) (-134217363)
     12     4        (object header)                           00 00 00 00 (00000000 00000000 00000000 00000000) (0)
     16     0    int [I.<elements>                             N/A
Instance size: 16 bytes
Space losses: 0 bytes internal + 0 bytes external = 0 bytes total


JOLSample$A object internals:
 OFFSET  SIZE               TYPE DESCRIPTION                               VALUE
      0     4                    (object header)                           01 00 00 00 (00000001 00000000 00000000 00000000) (1)
      4     4                    (object header)                           00 00 00 00 (00000000 00000000 00000000 00000000) (0)
      8     4                    (object header)                           51 f2 00 f8 (01010001 11110010 00000000 11111000) (-134155695)
     12     4                int A.id                                      0
     16     1               byte A.b                                       0
     17     3                    (alignment/padding gap)                  
     20     4   java.lang.String A.name                                    null
     24     4   java.lang.Object A.o                                       null
     28     4                    (loss due to the next object alignment)
Instance size: 32 bytes
Space losses: 3 bytes internal + 4 bytes external = 7 bytes total


Process finished with exit code 0


```


